// Jest Snapshot v1, https://goo.gl/fbAQLP

exports[`Tests convertTsv9to7 ID tests should catch invalid chars in ID 1`] = `"TIT 1:1 row ID has invalid 1 character R, in line 2: TIT	1	1	xRpz	figs-abstractnouns	ἐπίγνωσιν ἀληθείας	1	knowledge of the truth	**knowledge** and **truth** are abstract nouns. See the UST for other ways to express these. Paul wants people to know the true message about God and Christ so that they can live in a way that pleases God. (See: [[rc://en/ta/man/translate/figs-abstractnouns]])"`;

exports[`Tests convertTsv9to7 ID tests should catch invalid first char in ID 1`] = `"TIT 1:1 row ID has invalid first character 0, in line 2: TIT	1	1	0xyz	figs-abstractnouns	ἐπίγνωσιν ἀληθείας	1	knowledge of the truth	**knowledge** and **truth** are abstract nouns. See the UST for other ways to express these. Paul wants people to know the true message about God and Christ so that they can live in a way that pleases God. (See: [[rc://en/ta/man/translate/figs-abstractnouns]])"`;

exports[`Tests convertTsv9to7 ID tests should catch short ID 1`] = `"Expected TIT 1:1 row ID to be 4 characters (not 3 characters with 'xyz'), in line 2: TIT	1	1	xyz	figs-abstractnouns	ἐπίγνωσιν ἀληθείας	1	knowledge of the truth	**knowledge** and **truth** are abstract nouns. See the UST for other ways to express these. Paul wants people to know the true message about God and Christ so that they can live in a way that pleases God. (See: [[rc://en/ta/man/translate/figs-abstractnouns]])"`;

exports[`Tests convertTsv9to7 OrigQuote tests should correct spaces in OrigQuote 1`] = `""`;

exports[`Tests convertTsv9to7 OrigQuote tests should replace ... with & 1`] = `""`;

exports[`Tests convertTsv9to7 OrigQuote tests should replace ellipsis with & 1`] = `""`;

exports[`Tests convertTsv9to7 Test OrigQuote replace html break 1`] = `""`;

exports[`Tests convertTsv9to7 empty support ref 1`] = `"Expected no OrigQuote for occurrence=='0' for TIT 1:1  'ἐπίγνωσιν ἀληθείας' 0 'knowledge of the truth', in line 2: TIT	1	1	wxyz		ἐπίγνωσιν ἀληθείας	0	knowledge of the truth	**knowledge** and **truth** are abstract nouns. See the UST for other ways to express these. Paul wants people to know the true message about God and Christ so that they can live in a way that pleases God. (See: [[rc://en/ta/man/translate/figs-abstractnouns]])"`;

exports[`Tests convertTsv9to7 en_tn_08-RUT.tsv should pass 1`] = `""`;

exports[`Tests convertTsv9to7 en_tn_41-MAT.tsv should pass 1`] = `"Expected occurrence=='0' for MAT 13:13 rc://*/ta/man/translate/figs-parallelism '' 1 'Though they are seeing, they do not see; and though they are hearing, they do not hear, or understand.', in line 1318: MAT	13	13	uk7j	figs-parallelism		1	Though they are seeing, they do not see; and though they are hearing, they do not hear, or understand.	Jesus uses this parallelism to tell and emphasize to the disciples that the crowd refuses to understand God’s truth. (See: [[rc://en/ta/man/translate/figs-parallelism]])"`;

exports[`Tests convertTsv9to7 en_tn_42-MRK.tsv should pass 1`] = `
"Expected no OrigQuote for occurrence=='0' for MRK 2:19 rc://*/ta/man/translate/figs-rquestion 'μὴ δύνανται οἱ υἱοὶ τοῦ νυμφῶνος ἐν ᾧ ὁ νυμφίος μετ’ αὐτῶν ἐστιν νηστεύειν?' 0 'The wedding attendants cannot fast while the bridegroom is still with them, can they?', in line 130: MRK	2	19	eke3	figs-rquestion	μὴ δύνανται οἱ υἱοὶ τοῦ νυμφῶνος ἐν ᾧ ὁ νυμφίος μετ’ αὐτῶν ἐστιν νηστεύειν?	0	The wedding attendants cannot fast while the bridegroom is still with them, can they?	Jesus uses this question to remind the people of something they already know and to encourage them to apply it to him and his disciples. Alternate translation: “Wedding attendants do not fast while the bridegroom is with them. Rather they celebrate and feast.” (See: [[rc://en/ta/man/translate/figs-rquestion]])
Expected no OrigQuote for occurrence=='0' for MRK 8:14 rc://*/ta/man/translate/figs-litotes 'εἰ μὴ ἕνα ἄρτον' 0 'except for one loaf', in line 603: MRK	8	14	gtg6	figs-litotes	εἰ μὴ ἕνα ἄρτον	0	except for one loaf	The negative phrase “no more” is used to emphasize how small an amount of bread they had. Alternate translation: “only one loaf” (See: [[rc://en/ta/man/translate/figs-litotes]])
Expected no OrigQuote for occurrence=='0' for MRK 8:33 rc://*/ta/man/translate/figs-metaphor 'ὕπαγε ὀπίσω μου, Σατανᾶ, ὅτι οὐ φρονεῖς' 0 'Get behind me, Satan! For you are not setting your mind', in line 636: MRK	8	33	nu32	figs-metaphor	ὕπαγε ὀπίσω μου, Σατανᾶ, ὅτι οὐ φρονεῖς	0	Get behind me, Satan! For you are not setting your mind	Jesus means that Peter is acting like Satan because Peter is trying to prevent Jesus from accomplishing what God sent him to do. Alternate translation: “Get behind me, because you are acting like Satan! You are not setting” (See: [[rc://en/ta/man/translate/figs-metaphor]])"
`;

exports[`Tests convertTsv9to7 en_tn_57-TIT.tsv should pass 1`] = `""`;

exports[`Tests convertTsv9to7 en_tn_57-TIT-invalid-ref.tsv should pass 1`] = `
"NOTE: TIT 1:1 4 OccurrenceNote is empty: ', in line 4: TIT	1	1	rtc9		κατὰ πίστιν	1	for the faith
NOTE: TIT 1:3 10 OccurrenceNote is empty: ', in line 10: TIT	1	3	swi9	figs-metaphor	ἐφανέρωσεν…τὸν λόγον αὐτοῦ	1	he revealed his word"
`;

exports[`Tests convertTsv9to7 en_tn_57-TIT-missing-occurrence-note.tsv should pass 1`] = `
"NOTE: TIT 1:1 4 OccurrenceNote is empty: ', in line 4: TIT	1	1	rtc9		κατὰ πίστιν	1	for the faith
NOTE: TIT 1:1 5 OccurrenceNote is empty: ', in line 5: TIT	1	1	xyz8	figs-abstractnouns	ἐπίγνωσιν ἀληθείας	1	knowledge of the truth
NOTE: TIT 1:3 10 OccurrenceNote is empty: ', in line 10: TIT	1	3	swi9	figs-metaphor	ἐφανέρωσεν…τὸν λόγον αὐτοῦ	1	he revealed his word"
`;

exports[`Tests convertTsv9to7 en_tn_57-TIT-white-space-as-support-ref.tsv should pass 1`] = `
"NOTE: TIT 1:1 4 OccurrenceNote is empty: ', in line 4: TIT	1	1	rtc9		κατὰ πίστιν	1	for the faith
NOTE: TIT 1:1 5 OccurrenceNote is empty: ', in line 5: TIT	1	1	xyz8	figs-abstractnouns	ἐπίγνωσιν ἀληθείας	1	knowledge of the truth
NOTE: TIT 1:3 10 OccurrenceNote is empty: ', in line 10: TIT	1	3	swi9	figs-metaphor	ἐφανέρωσεν…τὸν λόγον αὐτοῦ	1	he revealed his word"
`;

exports[`Tests convertTsv9to7 hi_tn_57-TIT.tsv should pass 1`] = `""`;

exports[`Tests convertTsv9to7 replace double spaces 1`] = `
"NOTE: TIT 1:1 2 OccurrenceNote has unexpected double-spaces: '* Nuts.
**knowledge** and **truth** are abstract nouns. See the UST for other ways to express these.
  Paul wants people to know the true message about God and Christ so that they can live in a way that pleases God. (See: [[rc://*/ta/man/translate/figs-abstractnouns]]), in line 2: TIT	1	1	wxyz	figs-abstractnouns	ἐπίγνωσιν ἀληθείας	-1	knowledge of the truth	*  Nuts.<br>**knowledge** and **truth** are abstract nouns.  See the UST for other ways to express these.<br>  Paul wants people to know the true message about God and Christ so that they can live in a way that pleases God. (See: [[rc://en/ta/man/translate/figs-abstractnouns]])"
`;

exports[`Tests convertTsv9to7 should warn on not zero occurrence but don't have original quote 1`] = `"Expected occurrence=='0' for TIT 1:1 rc://*/ta/man/translate/figs-abstractnouns '' 1 'knowledge of the truth', in line 2: TIT	1	1	wxyz	figs-abstractnouns		1	knowledge of the truth	**knowledge** and **truth** are abstract nouns. See the UST for other ways to express these. Paul wants people to know the true message about God and Christ so that they can live in a way that pleases God. (See: [[rc://en/ta/man/translate/figs-abstractnouns]])"`;

exports[`Tests convertTsv9to7 should warn on zero occurrence but have original quote 1`] = `"Expected no OrigQuote for occurrence=='0' for TIT 1:1 rc://*/ta/man/translate/figs-abstractnouns 'ἐπίγνωσιν ἀληθείας' 0 'knowledge of the truth', in line 2: TIT	1	1	wxyz	figs-abstractnouns	ἐπίγνωσιν ἀληθείας	0	knowledge of the truth	**knowledge** and **truth** are abstract nouns. See the UST for other ways to express these. Paul wants people to know the true message about God and Christ so that they can live in a way that pleases God. (See: [[rc://en/ta/man/translate/figs-abstractnouns]])"`;

exports[`Tests convertTsv9to7 test invalid tsv's should fail should fail if no header 1`] = `"convertTsv9to7() - invalid tsv data, could not parse"`;

exports[`Tests convertTsv9to7 test invalid tsv's should fail should fail insufficient columns 1`] = `
"missing field 'OccurrenceNote' in header
Number of columns should be 9, but 8 columns found, in line 1: Book	Chapter	Verse	ID	SupportReference	OrigQuote	Occurrence	GLQuote"
`;

exports[`Tests convertTsv9to7 warn on empty OccurrenceNote 1`] = `"NOTE: TIT 1:1 2 OccurrenceNote is empty: ', in line 2: TIT	1	1	wxyz	figs-abstractnouns	ἐπίγνωσιν ἀληθείας	-1	knowledge of the truth	"`;
